
 
 ======================================================
   MATRIX TESTED  MATRIX SHERMAN5         
 ------------------------------------------------------
   SIZE = 3312           NonZeros = 20793        
   PRECONDITIONER =   ARMS 
 ======================================================

 -------------------------------------------------------------------------
| lf  |   tol   |   P-T   |   I-T   | nz(LU)/nz | Its | ErrNorm | RsdNorm |
 -------------------------------------------------------------------------
|  50 |   0.001 |   0.060 |   0.020 |     1.864 |   7 |2.68e-06 |2.64e-06 |
 -------------------------------------------------------------------------

 
 ======================================================
   MATRIX TESTED  MATRIX PORES1           
 ------------------------------------------------------
   SIZE = 30             NonZeros = 180          
   PRECONDITIONER =   ARMS 
 ======================================================

 -------------------------------------------------------------------------
| lf  |   tol   |   P-T   |   I-T   | nz(LU)/nz | Its | ErrNorm | RsdNorm |
 -------------------------------------------------------------------------
|  50 |   0.001 |  -0.000 |  -0.000 |     1.818 |   4 |1.17e-03 |6.63e-02 |
 -------------------------------------------------------------------------

 
 ======================================================
   MATRIX TESTED  MATRIX SHERMAN5         
 ------------------------------------------------------
   SIZE = 3312           NonZeros = 20793        
   PRECONDITIONER =   ARMS 
 ======================================================

 -------------------------------------------------------------------------
| lf  |   tol   |   P-T   |   I-T   | nz(LU)/nz | Its | ErrNorm | RsdNorm |
 -------------------------------------------------------------------------
|  50 |   0.001 |   0.200 |   0.000 |     6.575 |   2 |2.40e-04 |2.90e-05 |
 -------------------------------------------------------------------------

 
 ======================================================
   MATRIX TESTED  MATRIX circuit3         
 ------------------------------------------------------
   SIZE = 12127          NonZeros = 48137        
   PRECONDITIONER =   ARMS 
 ======================================================

 -------------------------------------------------------------------------
| lf  |   tol   |   P-T   |   I-T   | nz(LU)/nz | Its | ErrNorm | RsdNorm |
 -------------------------------------------------------------------------
|  50 |   0.001 |   0.090 |   0.150 |     2.154 |  25 |5.52e-03 |1.99e-07 |
 -------------------------------------------------------------------------

 
 ======================================================
   MATRIX TESTED  MATRIX cry10000         
 ------------------------------------------------------
   SIZE = 10000          NonZeros = 49699        
   PRECONDITIONER =   ARMS 
 ======================================================

 -------------------------------------------------------------------------
| lf  |   tol   |   P-T   |   I-T   | nz(LU)/nz | Its | ErrNorm | RsdNorm |
 -------------------------------------------------------------------------
|  50 |   0.001 |   0.400 |   0.430 |     5.553 |  40 |2.41e+04 |5.00e-04 |
 -------------------------------------------------------------------------

 
 ======================================================
   MATRIX TESTED  MATRIX JPWH991          
 ------------------------------------------------------
   SIZE = 991            NonZeros = 6027         
   PRECONDITIONER =   ARMS 
 ======================================================

 -------------------------------------------------------------------------
| lf  |   tol   |   P-T   |   I-T   | nz(LU)/nz | Its | ErrNorm | RsdNorm |
 -------------------------------------------------------------------------
|  50 |   0.001 |   0.100 |   0.000 |    11.751 |   2 |1.49e-07 |2.24e-07 |
 -------------------------------------------------------------------------
