
 
 ======================================================
   MATRIX TESTED  MATRIX SHERMAN5         
 ------------------------------------------------------
   SIZE = 3312           NonZeros = 20793        
   PRECONDITIONER =   ILUC 
 ======================================================

 -------------------------------------------------------------------------
| lf  |   tol   |   P-T   |   I-T   | nz(LU)/nz | Its | ErrNorm | RsdNorm |
 -------------------------------------------------------------------------
|  50 |   0.001 |   0.040 |   0.010 |     3.245 |  10 |2.05e-05 |3.37e-05 |
 -------------------------------------------------------------------------

 
 ======================================================
   MATRIX TESTED  MATRIX PORES1           
 ------------------------------------------------------
   SIZE = 30             NonZeros = 180          
   PRECONDITIONER =   ILUC 
 ======================================================

 -------------------------------------------------------------------------
| lf  |   tol   |   P-T   |   I-T   | nz(LU)/nz | Its | ErrNorm | RsdNorm |
 -------------------------------------------------------------------------
|  50 |   0.001 |  -0.000 |  -0.000 |     1.271 |   8 |3.32e-04 |2.29e-02 |
 -------------------------------------------------------------------------

 
 ======================================================
   MATRIX TESTED  MATRIX SHERMAN5         
 ------------------------------------------------------
   SIZE = 3312           NonZeros = 20793        
   PRECONDITIONER =   ILUC 
 ======================================================

 -------------------------------------------------------------------------
| lf  |   tol   |   P-T   |   I-T   | nz(LU)/nz | Its | ErrNorm | RsdNorm |
 -------------------------------------------------------------------------
|  50 |   0.001 |   0.050 |   0.020 |     3.245 |  10 |2.05e-05 |3.37e-05 |
 -------------------------------------------------------------------------

 
 ======================================================
   MATRIX TESTED  MATRIX circuit3         
 ------------------------------------------------------
   SIZE = 12127          NonZeros = 48137        
   PRECONDITIONER =   ILUC 
 ======================================================

 -------------------------------------------------------------------------
| lf  |   tol   |   P-T   |   I-T   | nz(LU)/nz | Its | ErrNorm | RsdNorm |
 -------------------------------------------------------------------------
|  50 |   0.001 |   0.030 |   0.270 |     1.036 |  53 |3.09e-03 |2.08e-07 |
 -------------------------------------------------------------------------

 
 ======================================================
   MATRIX TESTED  MATRIX cry10000         
 ------------------------------------------------------
   SIZE = 10000          NonZeros = 49699        
   PRECONDITIONER =   ILUC 
 ======================================================

 -------------------------------------------------------------------------
| lf  |   tol   |   P-T   |   I-T   | nz(LU)/nz | Its | ErrNorm | RsdNorm |
 -------------------------------------------------------------------------
|  50 |   0.001 |   0.130 |   0.510 |     5.059 |  59 |1.50e+05 |1.48e-04 |
 -------------------------------------------------------------------------

 
 ======================================================
   MATRIX TESTED  MATRIX JPWH991          
 ------------------------------------------------------
   SIZE = 991            NonZeros = 6027         
   PRECONDITIONER =   ILUC 
 ======================================================

 -------------------------------------------------------------------------
| lf  |   tol   |   P-T   |   I-T   | nz(LU)/nz | Its | ErrNorm | RsdNorm |
 -------------------------------------------------------------------------
|  50 |   0.001 |   0.030 |   0.010 |     7.606 |   7 |8.31e-09 |1.03e-08 |
 -------------------------------------------------------------------------
