
 
 ======================================================
   MATRIX TESTED  MATRIX SHERMAN5         
 ------------------------------------------------------
   SIZE = 3312           NonZeros = 20793        
   PRECONDITIONER =   ILUK 
 ======================================================

 -------------------------------------------------------------------------
| lf  |   tol   |   P-T   |   I-T   | nz(LU)/nz | Its | ErrNorm | RsdNorm |
 -------------------------------------------------------------------------
|   1 |       0 |   0.010 |   0.030 |     1.802 |  19 |2.98e-04 |3.98e-05 |
 -------------------------------------------------------------------------

 
 ======================================================
   MATRIX TESTED  MATRIX PORES1           
 ------------------------------------------------------
   SIZE = 30             NonZeros = 180          
   PRECONDITIONER =   ILUK 
 ======================================================

 -------------------------------------------------------------------------
| lf  |   tol   |   P-T   |   I-T   | nz(LU)/nz | Its | ErrNorm | RsdNorm |
 -------------------------------------------------------------------------
|   1 |       0 |  -0.000 |  -0.000 |     1.238 |   5 |2.64e-07 |4.02e-03 |
 -------------------------------------------------------------------------

 
 ======================================================
   MATRIX TESTED  MATRIX SHERMAN5         
 ------------------------------------------------------
   SIZE = 3312           NonZeros = 20793        
   PRECONDITIONER =   ILUK 
 ======================================================

 -------------------------------------------------------------------------
| lf  |   tol   |   P-T   |   I-T   | nz(LU)/nz | Its | ErrNorm | RsdNorm |
 -------------------------------------------------------------------------
|   1 |       0 |   0.010 |   0.020 |     1.802 |  19 |2.98e-04 |3.98e-05 |
 -------------------------------------------------------------------------

 
 ======================================================
   MATRIX TESTED  MATRIX circuit3         
 ------------------------------------------------------
   SIZE = 12127          NonZeros = 48137        
   PRECONDITIONER =   ILUK 
 ======================================================

 -------------------------------------------------------------------------
| lf  |   tol   |   P-T   |   I-T   | nz(LU)/nz | Its | ErrNorm | RsdNorm |
 -------------------------------------------------------------------------
|   1 |       0 |   0.030 |   1.030 |     1.182 | 201 |3.89e+03 |2.77e+01 |
 -------------------------------------------------------------------------

 
 ======================================================
   MATRIX TESTED  MATRIX cry10000         
 ------------------------------------------------------
   SIZE = 10000          NonZeros = 49699        
   PRECONDITIONER =   ILUK 
 ======================================================

 -------------------------------------------------------------------------
| lf  |   tol   |   P-T   |   I-T   | nz(LU)/nz | Its | ErrNorm | RsdNorm |
 -------------------------------------------------------------------------
|   1 |       0 |   0.020 |   0.890 |     1.400 | 201 |3.21e+02 |1.61e+00 |
 -------------------------------------------------------------------------

 
 ======================================================
   MATRIX TESTED  MATRIX JPWH991          
 ------------------------------------------------------
   SIZE = 991            NonZeros = 6027         
   PRECONDITIONER =   ILUK 
 ======================================================

 -------------------------------------------------------------------------
| lf  |   tol   |   P-T   |   I-T   | nz(LU)/nz | Its | ErrNorm | RsdNorm |
 -------------------------------------------------------------------------
|   1 |       0 |  -0.000 |  -0.000 |     1.864 |  12 |1.87e-07 |1.24e-07 |
 -------------------------------------------------------------------------
