
 
 ======================================================
   MATRIX TESTED  MATRIX SHERMAN5         
 ------------------------------------------------------
   SIZE = 3312           NonZeros = 20793        
   PRECONDITIONER =   ILUT 
 ======================================================

 -------------------------------------------------------------------------
| lf  |   tol   |   P-T   |   I-T   | nz(LU)/nz | Its | ErrNorm | RsdNorm |
 -------------------------------------------------------------------------
|  50 |   0.001 |   0.090 |   0.020 |     4.118 |   9 |1.06e-04 |3.76e-05 |
 -------------------------------------------------------------------------

 
 ======================================================
   MATRIX TESTED  MATRIX PORES1           
 ------------------------------------------------------
   SIZE = 30             NonZeros = 180          
   PRECONDITIONER =   ILUT 
 ======================================================

 -------------------------------------------------------------------------
| lf  |   tol   |   P-T   |   I-T   | nz(LU)/nz | Its | ErrNorm | RsdNorm |
 -------------------------------------------------------------------------
|  50 |   0.001 |  -0.000 |  -0.000 |     1.337 |   3 |8.70e-05 |2.56e-01 |
 -------------------------------------------------------------------------

 
 ======================================================
   MATRIX TESTED  MATRIX SHERMAN5         
 ------------------------------------------------------
   SIZE = 3312           NonZeros = 20793        
   PRECONDITIONER =   ILUT 
 ======================================================

 -------------------------------------------------------------------------
| lf  |   tol   |   P-T   |   I-T   | nz(LU)/nz | Its | ErrNorm | RsdNorm |
 -------------------------------------------------------------------------
|  50 |   0.001 |   0.090 |   0.020 |     4.118 |   9 |1.06e-04 |3.76e-05 |
 -------------------------------------------------------------------------

 
 ======================================================
   MATRIX TESTED  MATRIX circuit3         
 ------------------------------------------------------
   SIZE = 12127          NonZeros = 48137        
   PRECONDITIONER =   ILUT 
 ======================================================

 -------------------------------------------------------------------------
| lf  |   tol   |   P-T   |   I-T   | nz(LU)/nz | Its | ErrNorm | RsdNorm |
 -------------------------------------------------------------------------
|  50 |   0.001 |   0.010 |   0.050 |     1.163 |  15 |7.21e-03 |2.77e-07 |
 -------------------------------------------------------------------------

 
 ======================================================
   MATRIX TESTED  MATRIX cry10000         
 ------------------------------------------------------
   SIZE = 10000          NonZeros = 49699        
   PRECONDITIONER =   ILUT 
 ======================================================

 -------------------------------------------------------------------------
| lf  |   tol   |   P-T   |   I-T   | nz(LU)/nz | Its | ErrNorm | RsdNorm |
 -------------------------------------------------------------------------
|  50 |   0.001 |   0.100 |   0.430 |     4.817 |  57 |2.45e+05 |9.38e-04 |
 -------------------------------------------------------------------------

 
 ======================================================
   MATRIX TESTED  MATRIX JPWH991          
 ------------------------------------------------------
   SIZE = 991            NonZeros = 6027         
   PRECONDITIONER =   ILUT 
 ======================================================

 -------------------------------------------------------------------------
| lf  |   tol   |   P-T   |   I-T   | nz(LU)/nz | Its | ErrNorm | RsdNorm |
 -------------------------------------------------------------------------
|  50 |   0.001 |   0.050 |   0.000 |     8.651 |   7 |1.23e-08 |1.52e-08 |
 -------------------------------------------------------------------------
