
 
 ======================================================
   MATRIX TESTED  MATRIX SHERMAN5         
 ------------------------------------------------------
   SIZE = 3312           NonZeros = 20793        
   PRECONDITIONER =   Variable Block ILUT (VBILUT) 
|  with angle tolerance  : 0.80                      |
======================================================

=============== PRECONDITIONER STATS =================
|  Time of Hash  |  Time of Angle |  Time of Total   |
------------------------------------------------------
|  0.000         |  0.010         |  0.010           |
------------------------------------------------------
|  V cmpr. rate  |  E cmpr. rate  | Cmpr. Effc. (%)  |
------------------------------------------------------
|  1.18          |  1.86          |  83.14           |
======================================================

 -------------------------------------------------------------------------
| lf  |   tol   |   P-T   |   I-T   | nz(LU)/nz | Its | ErrNorm | RsdNorm |
 -------------------------------------------------------------------------
|  50 |   0.001 |   0.130 |   0.270 |     2.842 |  16 |1.25e-04 |3.33e-05 |
 -------------------------------------------------------------------------

 
 ======================================================
   MATRIX TESTED  MATRIX PORES1           
 ------------------------------------------------------
   SIZE = 30             NonZeros = 180          
   PRECONDITIONER =   Variable Block ILUT (VBILUT) 
|  with angle tolerance  : 0.80                      |
======================================================

=============== PRECONDITIONER STATS =================
|  Time of Hash  |  Time of Angle |  Time of Total   |
------------------------------------------------------
|  0.000         |  0.000         |  0.000           |
------------------------------------------------------
|  V cmpr. rate  |  E cmpr. rate  | Cmpr. Effc. (%)  |
------------------------------------------------------
|  2.31          |  3.53          |  63.38           |
======================================================

 -------------------------------------------------------------------------
| lf  |   tol   |   P-T   |   I-T   | nz(LU)/nz | Its | ErrNorm | RsdNorm |
 -------------------------------------------------------------------------
|  50 |   0.001 |   0.000 |   0.000 |     1.878 |   4 |3.36e-06 |3.40e-02 |
 -------------------------------------------------------------------------

 
 ======================================================
   MATRIX TESTED  MATRIX SHERMAN5         
 ------------------------------------------------------
   SIZE = 3312           NonZeros = 20793        
   PRECONDITIONER =   Variable Block ILUT (VBILUT) 
|  with angle tolerance  : 0.80                      |
======================================================

=============== PRECONDITIONER STATS =================
|  Time of Hash  |  Time of Angle |  Time of Total   |
------------------------------------------------------
|  -0.000        |  0.010         |  0.010           |
------------------------------------------------------
|  V cmpr. rate  |  E cmpr. rate  | Cmpr. Effc. (%)  |
------------------------------------------------------
|  1.18          |  1.86          |  83.14           |
======================================================

 -------------------------------------------------------------------------
| lf  |   tol   |   P-T   |   I-T   | nz(LU)/nz | Its | ErrNorm | RsdNorm |
 -------------------------------------------------------------------------
|  50 |   0.001 |   0.130 |   0.260 |     2.842 |  16 |1.25e-04 |3.33e-05 |
 -------------------------------------------------------------------------

 
 ======================================================
   MATRIX TESTED  MATRIX circuit3         
 ------------------------------------------------------
   SIZE = 12127          NonZeros = 48137        
   PRECONDITIONER =   Variable Block ILUT (VBILUT) 
|  with angle tolerance  : 0.80                      |
======================================================

=============== PRECONDITIONER STATS =================
|  Time of Hash  |  Time of Angle |  Time of Total   |
------------------------------------------------------
|  0.010         |  0.510         |  0.520           |
------------------------------------------------------
|  V cmpr. rate  |  E cmpr. rate  | Cmpr. Effc. (%)  |
------------------------------------------------------
|  1.27          |  1.43          |  77.85           |
======================================================

 -------------------------------------------------------------------------
| lf  |   tol   |   P-T   |   I-T   | nz(LU)/nz | Its | ErrNorm | RsdNorm |
 -------------------------------------------------------------------------
|  50 |   0.001 |   0.050 |   1.430 |     1.257 |  75 |1.01e-02 |2.86e-07 |
 -------------------------------------------------------------------------

 
 ======================================================
   MATRIX TESTED  MATRIX cry10000         
 ------------------------------------------------------
   SIZE = 10000          NonZeros = 49699        
   PRECONDITIONER =   Variable Block ILUT (VBILUT) 
|  with angle tolerance  : 0.80                      |
======================================================

=============== PRECONDITIONER STATS =================
|  Time of Hash  |  Time of Angle |  Time of Total   |
------------------------------------------------------
|  0.000         |  0.010         |  0.010           |
------------------------------------------------------
|  V cmpr. rate  |  E cmpr. rate  | Cmpr. Effc. (%)  |
------------------------------------------------------
|  1.00          |  1.00          |  99.99           |
======================================================

 -------------------------------------------------------------------------
| lf  |   tol   |   P-T   |   I-T   | nz(LU)/nz | Its | ErrNorm | RsdNorm |
 -------------------------------------------------------------------------
|  50 |   0.001 |   0.840 |  10.580 |     3.462 | 115 |6.25e+05 |6.09e-04 |
 -------------------------------------------------------------------------

 
 ======================================================
   MATRIX TESTED  MATRIX JPWH991          
 ------------------------------------------------------
   SIZE = 991            NonZeros = 6027         
   PRECONDITIONER =   Variable Block ILUT (VBILUT) 
|  with angle tolerance  : 0.80                      |
======================================================

=============== PRECONDITIONER STATS =================
|  Time of Hash  |  Time of Angle |  Time of Total   |
------------------------------------------------------
|  0.000         |  0.000         |  0.000           |
------------------------------------------------------
|  V cmpr. rate  |  E cmpr. rate  | Cmpr. Effc. (%)  |
------------------------------------------------------
|  1.00          |  1.00          |  99.80           |
======================================================

 -------------------------------------------------------------------------
| lf  |   tol   |   P-T   |   I-T   | nz(LU)/nz | Its | ErrNorm | RsdNorm |
 -------------------------------------------------------------------------
|  50 |   0.001 |   0.250 |   0.140 |     5.294 |   8 |3.70e-08 |3.25e-08 |
 -------------------------------------------------------------------------
