
 
 ======================================================
   MATRIX TESTED  MATRIX SHERMAN5         
 ------------------------------------------------------
   SIZE = 3312           NonZeros = 20793        
   PRECONDITIONER =   Variable Block ILUK (VBILUK) 
|  with angle tolerance  : 0.80                      |
======================================================

=============== PRECONDITIONER STATS =================
|  Time of Hash  |  Time of Angle |  Time of Total   |
------------------------------------------------------
|  0.000         |  0.010         |  0.010           |
------------------------------------------------------
|  V cmpr. rate  |  E cmpr. rate  | Cmpr. Effc. (%)  |
------------------------------------------------------
|  1.18          |  1.86          |  83.14           |
======================================================

 -------------------------------------------------------------------------
| lf  |   tol   |   P-T   |   I-T   | nz(LU)/nz | Its | ErrNorm | RsdNorm |
 -------------------------------------------------------------------------
|   1 |       0 |   0.070 |   0.270 |     2.126 |  20 |2.16e-05 |1.47e-05 |
 -------------------------------------------------------------------------

 
 ======================================================
   MATRIX TESTED  MATRIX PORES1           
 ------------------------------------------------------
   SIZE = 30             NonZeros = 180          
   PRECONDITIONER =   Variable Block ILUK (VBILUK) 
|  with angle tolerance  : 0.80                      |
======================================================

=============== PRECONDITIONER STATS =================
|  Time of Hash  |  Time of Angle |  Time of Total   |
------------------------------------------------------
|  -0.000        |  -0.000        |  -0.000          |
------------------------------------------------------
|  V cmpr. rate  |  E cmpr. rate  | Cmpr. Effc. (%)  |
------------------------------------------------------
|  2.31          |  3.53          |  63.38           |
======================================================

 -------------------------------------------------------------------------
| lf  |   tol   |   P-T   |   I-T   | nz(LU)/nz | Its | ErrNorm | RsdNorm |
 -------------------------------------------------------------------------
|   1 |       0 |  -0.000 |  -0.000 |     1.923 |   4 |1.48e-07 |9.89e-04 |
 -------------------------------------------------------------------------

 
 ======================================================
   MATRIX TESTED  MATRIX SHERMAN5         
 ------------------------------------------------------
   SIZE = 3312           NonZeros = 20793        
   PRECONDITIONER =   Variable Block ILUK (VBILUK) 
|  with angle tolerance  : 0.80                      |
======================================================

=============== PRECONDITIONER STATS =================
|  Time of Hash  |  Time of Angle |  Time of Total   |
------------------------------------------------------
|  0.000         |  0.000         |  0.000           |
------------------------------------------------------
|  V cmpr. rate  |  E cmpr. rate  | Cmpr. Effc. (%)  |
------------------------------------------------------
|  1.18          |  1.86          |  83.14           |
======================================================

 -------------------------------------------------------------------------
| lf  |   tol   |   P-T   |   I-T   | nz(LU)/nz | Its | ErrNorm | RsdNorm |
 -------------------------------------------------------------------------
|   1 |       0 |   0.060 |   0.280 |     2.126 |  20 |2.16e-05 |1.47e-05 |
 -------------------------------------------------------------------------

 
 ======================================================
   MATRIX TESTED  MATRIX circuit3         
 ------------------------------------------------------
   SIZE = 12127          NonZeros = 48137        
   PRECONDITIONER =   Variable Block ILUK (VBILUK) 
|  with angle tolerance  : 0.80                      |
======================================================

=============== PRECONDITIONER STATS =================
|  Time of Hash  |  Time of Angle |  Time of Total   |
------------------------------------------------------
|  0.010         |  0.490         |  0.500           |
------------------------------------------------------
|  V cmpr. rate  |  E cmpr. rate  | Cmpr. Effc. (%)  |
------------------------------------------------------
|  1.27          |  1.43          |  77.85           |
======================================================

 -------------------------------------------------------------------------
| lf  |   tol   |   P-T   |   I-T   | nz(LU)/nz | Its | ErrNorm | RsdNorm |
 -------------------------------------------------------------------------
|   1 |       0 |   0.110 |   5.990 |     1.477 | 201 |2.18e+04 |4.73e+00 |
 -------------------------------------------------------------------------

 
 ======================================================
   MATRIX TESTED  MATRIX cry10000         
 ------------------------------------------------------
   SIZE = 10000          NonZeros = 49699        
   PRECONDITIONER =   Variable Block ILUK (VBILUK) 
|  with angle tolerance  : 0.80                      |
======================================================

=============== PRECONDITIONER STATS =================
|  Time of Hash  |  Time of Angle |  Time of Total   |
------------------------------------------------------
|  0.010         |  0.010         |  0.020           |
------------------------------------------------------
|  V cmpr. rate  |  E cmpr. rate  | Cmpr. Effc. (%)  |
------------------------------------------------------
|  1.00          |  1.00          |  99.99           |
======================================================

 -------------------------------------------------------------------------
| lf  |   tol   |   P-T   |   I-T   | nz(LU)/nz | Its | ErrNorm | RsdNorm |
 -------------------------------------------------------------------------
|   1 |       0 |   0.100 |   8.890 |     1.400 | 201 |5.49e+02 |3.93e+00 |
 -------------------------------------------------------------------------

 
 ======================================================
   MATRIX TESTED  MATRIX JPWH991          
 ------------------------------------------------------
   SIZE = 991            NonZeros = 6027         
   PRECONDITIONER =   Variable Block ILUK (VBILUK) 
|  with angle tolerance  : 0.80                      |
======================================================

=============== PRECONDITIONER STATS =================
|  Time of Hash  |  Time of Angle |  Time of Total   |
------------------------------------------------------
|  0.000         |  0.000         |  0.000           |
------------------------------------------------------
|  V cmpr. rate  |  E cmpr. rate  | Cmpr. Effc. (%)  |
------------------------------------------------------
|  1.00          |  1.00          |  99.80           |
======================================================

 -------------------------------------------------------------------------
| lf  |   tol   |   P-T   |   I-T   | nz(LU)/nz | Its | ErrNorm | RsdNorm |
 -------------------------------------------------------------------------
|   1 |       0 |   0.020 |   0.080 |     1.868 |  11 |5.59e-07 |5.55e-07 |
 -------------------------------------------------------------------------
